// Jest Snapshot v1, https://goo.gl/fbAQLP

exports[`babel-plugin-react-native-style-sheet 1. babel-plugin-react-native-style-sheet: 1. babel-plugin-react-native-style-sheet 1`] = `

const styles = StyleSheet.create({
  margin:10,
  padding:20
})

      ↓ ↓ ↓ ↓ ↓ ↓

import { scaleSize } from 'scaleSizeLib';
const styles = StyleSheet.create({
  margin: scaleSize(10),
  padding: scaleSize(20),
});


`;
